// Jest Snapshot v1, https://goo.gl/fbAQLP

exports[`ArmoryPage component Items loaded renders correctly when the items have been loaded. 1`] = `
Array [
  <button
    className="MuiButtonBase-root MuiButton-root MuiButton-text"
    data-test="add-button"
    disabled={false}
    onBlur={[Function]}
    onClick={[Function]}
    onDragLeave={[Function]}
    onFocus={[Function]}
    onKeyDown={[Function]}
    onKeyUp={[Function]}
    onMouseDown={[Function]}
    onMouseLeave={[Function]}
    onMouseUp={[Function]}
    onTouchEnd={[Function]}
    onTouchMove={[Function]}
    onTouchStart={[Function]}
    style={
      Object {
        "backgroundColor": "blue",
        "marginBottom": "10px",
      }
    }
    tabIndex={0}
    type="button"
  >
    <span
      className="MuiButton-label"
    >
      Add armory item
    </span>
    <span
      className="MuiTouchRipple-root"
    />
  </button>,
  <div
    className="Collapsible collabsibleOpened"
  >
    <span
      className="Collapsible__trigger is-closed"
      onClick={[Function]}
      onKeyPress={[Function]}
      style={null}
      tabIndex={null}
    >
      <div>
        <span
          className="label"
        />
        <span
          className="icon"
        >
          <svg
            aria-hidden="true"
            className="MuiSvgIcon-root"
            focusable="false"
            role="presentation"
            viewBox="0 0 24 24"
          >
            <path
              d="M7 10l5 5 5-5z"
            />
          </svg>
        </span>
      </div>
    </span>
    <div
      className="Collapsible__contentOuter"
      onTransitionEnd={[Function]}
      style={
        Object {
          "WebkitTransition": "height 150ms linear",
          "height": 0,
          "msTransition": "height 150ms linear",
          "overflow": "hidden",
          "transition": "height 150ms linear",
        }
      }
    >
      <div
        className="Collapsible__contentInner"
      >
        <form
          method="POST"
          onSubmit={[Function]}
        >
          <div
            className="MuiFormControl-root MuiTextField-root name"
            data-test="name-field"
          >
            <label
              className="MuiFormLabel-root MuiInputLabel-root MuiInputLabel-formControl MuiInputLabel-animated Mui-required Mui-required"
              data-shrink={false}
            >
              Name
              <span
                className="MuiFormLabel-asterisk MuiInputLabel-asterisk"
              >
                 
                *
              </span>
            </label>
            <div
              className="MuiInputBase-root MuiInput-root MuiInput-underline MuiInputBase-formControl MuiInput-formControl"
              onClick={[Function]}
            >
              <input
                aria-invalid={false}
                autoFocus={false}
                className="MuiInputBase-input MuiInput-input"
                disabled={false}
                name="name"
                onAnimationStart={[Function]}
                onBlur={[Function]}
                onChange={[Function]}
                onFocus={[Function]}
                required={true}
                type="text"
                value=""
              />
            </div>
          </div>
          <fieldset
            className="MuiFormControl-root root"
          >
            <div
              className="MuiGrid-root MuiGrid-container MuiGrid-spacing-xs-4"
            >
              <div
                className="MuiGrid-root MuiGrid-item MuiGrid-grid-xs-true"
              >
                <div
                  className="MuiFormGroup-root"
                  defaultValue="="
                  role="radiogroup"
                  style={
                    Object {
                      "display": "block ruby",
                    }
                  }
                >
                  <label
                    className="MuiFormControlLabel-root"
                  >
                    <span
                      aria-disabled={false}
                      className="MuiButtonBase-root MuiIconButton-root PrivateSwitchBase-root-215 MuiRadio-root MuiRadio-colorSecondary PrivateSwitchBase-checked-216 Mui-checked MuiIconButton-colorSecondary"
                      onBlur={[Function]}
                      onDragLeave={[Function]}
                      onFocus={[Function]}
                      onKeyDown={[Function]}
                      onKeyUp={[Function]}
                      onMouseDown={[Function]}
                      onMouseLeave={[Function]}
                      onMouseUp={[Function]}
                      onTouchEnd={[Function]}
                      onTouchMove={[Function]}
                      onTouchStart={[Function]}
                      tabIndex={null}
                    >
                      <span
                        className="MuiIconButton-label"
                      >
                        <input
                          checked={true}
                          className="PrivateSwitchBase-input-218"
                          disabled={false}
                          name="meleeOperator"
                          onChange={[Function]}
                          type="radio"
                          value="="
                        />
                        <div
                          className="PrivateRadioButtonIcon-root-228 PrivateRadioButtonIcon-checked-230"
                        >
                          <svg
                            aria-hidden="true"
                            className="MuiSvgIcon-root"
                            focusable="false"
                            role="presentation"
                            viewBox="0 0 24 24"
                          >
                            <path
                              d="M12 2C6.48 2 2 6.48 2 12s4.48 10 10 10 10-4.48 10-10S17.52 2 12 2zm0 18c-4.42 0-8-3.58-8-8s3.58-8 8-8 8 3.58 8 8-3.58 8-8 8z"
                            />
                          </svg>
                          <svg
                            aria-hidden="true"
                            className="MuiSvgIcon-root PrivateRadioButtonIcon-layer-229"
                            focusable="false"
                            role="presentation"
                            viewBox="0 0 24 24"
                          >
                            <path
                              d="M8.465 8.465C9.37 7.56 10.62 7 12 7C14.76 7 17 9.24 17 12C17 13.38 16.44 14.63 15.535 15.535C14.63 16.44 13.38 17 12 17C9.24 17 7 14.76 7 12C7 10.62 7.56 9.37 8.465 8.465Z"
                            />
                          </svg>
                        </div>
                      </span>
                      <span
                        className="MuiTouchRipple-root"
                      />
                    </span>
                    <span
                      className="MuiTypography-root MuiFormControlLabel-label MuiTypography-body1"
                    >
                      =
                    </span>
                  </label>
                  <label
                    className="MuiFormControlLabel-root"
                  >
                    <span
                      aria-disabled={false}
                      className="MuiButtonBase-root MuiIconButton-root PrivateSwitchBase-root-215 MuiRadio-root MuiRadio-colorSecondary MuiIconButton-colorSecondary"
                      onBlur={[Function]}
                      onDragLeave={[Function]}
                      onFocus={[Function]}
                      onKeyDown={[Function]}
                      onKeyUp={[Function]}
                      onMouseDown={[Function]}
                      onMouseLeave={[Function]}
                      onMouseUp={[Function]}
                      onTouchEnd={[Function]}
                      onTouchMove={[Function]}
                      onTouchStart={[Function]}
                      tabIndex={null}
                    >
                      <span
                        className="MuiIconButton-label"
                      >
                        <input
                          checked={false}
                          className="PrivateSwitchBase-input-218"
                          disabled={false}
                          name="meleeOperator"
                          onChange={[Function]}
                          type="radio"
                          value="+"
                        />
                        <div
                          className="PrivateRadioButtonIcon-root-228"
                        >
                          <svg
                            aria-hidden="true"
                            className="MuiSvgIcon-root"
                            focusable="false"
                            role="presentation"
                            viewBox="0 0 24 24"
                          >
                            <path
                              d="M12 2C6.48 2 2 6.48 2 12s4.48 10 10 10 10-4.48 10-10S17.52 2 12 2zm0 18c-4.42 0-8-3.58-8-8s3.58-8 8-8 8 3.58 8 8-3.58 8-8 8z"
                            />
                          </svg>
                          <svg
                            aria-hidden="true"
                            className="MuiSvgIcon-root PrivateRadioButtonIcon-layer-229"
                            focusable="false"
                            role="presentation"
                            viewBox="0 0 24 24"
                          >
                            <path
                              d="M8.465 8.465C9.37 7.56 10.62 7 12 7C14.76 7 17 9.24 17 12C17 13.38 16.44 14.63 15.535 15.535C14.63 16.44 13.38 17 12 17C9.24 17 7 14.76 7 12C7 10.62 7.56 9.37 8.465 8.465Z"
                            />
                          </svg>
                        </div>
                      </span>
                      <span
                        className="MuiTouchRipple-root"
                      />
                    </span>
                    <span
                      className="MuiTypography-root MuiFormControlLabel-label MuiTypography-body1"
                    >
                      +
                    </span>
                  </label>
                  <label
                    className="MuiFormControlLabel-root"
                  >
                    <span
                      aria-disabled={false}
                      className="MuiButtonBase-root MuiIconButton-root PrivateSwitchBase-root-215 MuiRadio-root MuiRadio-colorSecondary MuiIconButton-colorSecondary"
                      onBlur={[Function]}
                      onDragLeave={[Function]}
                      onFocus={[Function]}
                      onKeyDown={[Function]}
                      onKeyUp={[Function]}
                      onMouseDown={[Function]}
                      onMouseLeave={[Function]}
                      onMouseUp={[Function]}
                      onTouchEnd={[Function]}
                      onTouchMove={[Function]}
                      onTouchStart={[Function]}
                      tabIndex={null}
                    >
                      <span
                        className="MuiIconButton-label"
                      >
                        <input
                          checked={false}
                          className="PrivateSwitchBase-input-218"
                          disabled={false}
                          name="meleeOperator"
                          onChange={[Function]}
                          type="radio"
                          value="-"
                        />
                        <div
                          className="PrivateRadioButtonIcon-root-228"
                        >
                          <svg
                            aria-hidden="true"
                            className="MuiSvgIcon-root"
                            focusable="false"
                            role="presentation"
                            viewBox="0 0 24 24"
                          >
                            <path
                              d="M12 2C6.48 2 2 6.48 2 12s4.48 10 10 10 10-4.48 10-10S17.52 2 12 2zm0 18c-4.42 0-8-3.58-8-8s3.58-8 8-8 8 3.58 8 8-3.58 8-8 8z"
                            />
                          </svg>
                          <svg
                            aria-hidden="true"
                            className="MuiSvgIcon-root PrivateRadioButtonIcon-layer-229"
                            focusable="false"
                            role="presentation"
                            viewBox="0 0 24 24"
                          >
                            <path
                              d="M8.465 8.465C9.37 7.56 10.62 7 12 7C14.76 7 17 9.24 17 12C17 13.38 16.44 14.63 15.535 15.535C14.63 16.44 13.38 17 12 17C9.24 17 7 14.76 7 12C7 10.62 7.56 9.37 8.465 8.465Z"
                            />
                          </svg>
                        </div>
                      </span>
                      <span
                        className="MuiTouchRipple-root"
                      />
                    </span>
                    <span
                      className="MuiTypography-root MuiFormControlLabel-label MuiTypography-body1"
                    >
                      -
                    </span>
                  </label>
                </div>
              </div>
              <div
                className="MuiGrid-root MuiGrid-item MuiGrid-grid-xs-true"
              >
                <div
                  className="MuiFormControl-root MuiTextField-root"
                  data-test="test-number-input"
                  onKeyPress={[Function]}
                >
                  <label
                    className="MuiFormLabel-root MuiInputLabel-root MuiInputLabel-formControl MuiInputLabel-animated"
                    data-shrink={false}
                  >
                    Melee
                  </label>
                  <div
                    className="MuiInputBase-root MuiInput-root MuiInput-underline MuiInputBase-formControl MuiInput-formControl"
                    onClick={[Function]}
                  >
                    <input
                      aria-invalid={false}
                      autoFocus={false}
                      className="MuiInputBase-input MuiInput-input"
                      disabled={false}
                      max={100}
                      min={0}
                      name="meleePoints"
                      onAnimationStart={[Function]}
                      onBlur={[Function]}
                      onChange={[Function]}
                      onFocus={[Function]}
                      required={false}
                      step={1}
                      type="number"
                    />
                  </div>
                </div>
              </div>
            </div>
          </fieldset>
          <fieldset
            className="MuiFormControl-root root"
          >
            <div
              className="MuiGrid-root MuiGrid-container MuiGrid-spacing-xs-4"
            >
              <div
                className="MuiGrid-root MuiGrid-item MuiGrid-grid-xs-true"
              >
                <div
                  className="MuiFormGroup-root"
                  defaultValue="="
                  role="radiogroup"
                  style={
                    Object {
                      "display": "block ruby",
                    }
                  }
                >
                  <label
                    className="MuiFormControlLabel-root"
                  >
                    <span
                      aria-disabled={false}
                      className="MuiButtonBase-root MuiIconButton-root PrivateSwitchBase-root-215 MuiRadio-root MuiRadio-colorSecondary PrivateSwitchBase-checked-216 Mui-checked MuiIconButton-colorSecondary"
                      onBlur={[Function]}
                      onDragLeave={[Function]}
                      onFocus={[Function]}
                      onKeyDown={[Function]}
                      onKeyUp={[Function]}
                      onMouseDown={[Function]}
                      onMouseLeave={[Function]}
                      onMouseUp={[Function]}
                      onTouchEnd={[Function]}
                      onTouchMove={[Function]}
                      onTouchStart={[Function]}
                      tabIndex={null}
                    >
                      <span
                        className="MuiIconButton-label"
                      >
                        <input
                          checked={true}
                          className="PrivateSwitchBase-input-218"
                          disabled={false}
                          name="rangedOperator"
                          onChange={[Function]}
                          type="radio"
                          value="="
                        />
                        <div
                          className="PrivateRadioButtonIcon-root-228 PrivateRadioButtonIcon-checked-230"
                        >
                          <svg
                            aria-hidden="true"
                            className="MuiSvgIcon-root"
                            focusable="false"
                            role="presentation"
                            viewBox="0 0 24 24"
                          >
                            <path
                              d="M12 2C6.48 2 2 6.48 2 12s4.48 10 10 10 10-4.48 10-10S17.52 2 12 2zm0 18c-4.42 0-8-3.58-8-8s3.58-8 8-8 8 3.58 8 8-3.58 8-8 8z"
                            />
                          </svg>
                          <svg
                            aria-hidden="true"
                            className="MuiSvgIcon-root PrivateRadioButtonIcon-layer-229"
                            focusable="false"
                            role="presentation"
                            viewBox="0 0 24 24"
                          >
                            <path
                              d="M8.465 8.465C9.37 7.56 10.62 7 12 7C14.76 7 17 9.24 17 12C17 13.38 16.44 14.63 15.535 15.535C14.63 16.44 13.38 17 12 17C9.24 17 7 14.76 7 12C7 10.62 7.56 9.37 8.465 8.465Z"
                            />
                          </svg>
                        </div>
                      </span>
                      <span
                        className="MuiTouchRipple-root"
                      />
                    </span>
                    <span
                      className="MuiTypography-root MuiFormControlLabel-label MuiTypography-body1"
                    >
                      =
                    </span>
                  </label>
                  <label
                    className="MuiFormControlLabel-root"
                  >
                    <span
                      aria-disabled={false}
                      className="MuiButtonBase-root MuiIconButton-root PrivateSwitchBase-root-215 MuiRadio-root MuiRadio-colorSecondary MuiIconButton-colorSecondary"
                      onBlur={[Function]}
                      onDragLeave={[Function]}
                      onFocus={[Function]}
                      onKeyDown={[Function]}
                      onKeyUp={[Function]}
                      onMouseDown={[Function]}
                      onMouseLeave={[Function]}
                      onMouseUp={[Function]}
                      onTouchEnd={[Function]}
                      onTouchMove={[Function]}
                      onTouchStart={[Function]}
                      tabIndex={null}
                    >
                      <span
                        className="MuiIconButton-label"
                      >
                        <input
                          checked={false}
                          className="PrivateSwitchBase-input-218"
                          disabled={false}
                          name="rangedOperator"
                          onChange={[Function]}
                          type="radio"
                          value="+"
                        />
                        <div
                          className="PrivateRadioButtonIcon-root-228"
                        >
                          <svg
                            aria-hidden="true"
                            className="MuiSvgIcon-root"
                            focusable="false"
                            role="presentation"
                            viewBox="0 0 24 24"
                          >
                            <path
                              d="M12 2C6.48 2 2 6.48 2 12s4.48 10 10 10 10-4.48 10-10S17.52 2 12 2zm0 18c-4.42 0-8-3.58-8-8s3.58-8 8-8 8 3.58 8 8-3.58 8-8 8z"
                            />
                          </svg>
                          <svg
                            aria-hidden="true"
                            className="MuiSvgIcon-root PrivateRadioButtonIcon-layer-229"
                            focusable="false"
                            role="presentation"
                            viewBox="0 0 24 24"
                          >
                            <path
                              d="M8.465 8.465C9.37 7.56 10.62 7 12 7C14.76 7 17 9.24 17 12C17 13.38 16.44 14.63 15.535 15.535C14.63 16.44 13.38 17 12 17C9.24 17 7 14.76 7 12C7 10.62 7.56 9.37 8.465 8.465Z"
                            />
                          </svg>
                        </div>
                      </span>
                      <span
                        className="MuiTouchRipple-root"
                      />
                    </span>
                    <span
                      className="MuiTypography-root MuiFormControlLabel-label MuiTypography-body1"
                    >
                      +
                    </span>
                  </label>
                  <label
                    className="MuiFormControlLabel-root"
                  >
                    <span
                      aria-disabled={false}
                      className="MuiButtonBase-root MuiIconButton-root PrivateSwitchBase-root-215 MuiRadio-root MuiRadio-colorSecondary MuiIconButton-colorSecondary"
                      onBlur={[Function]}
                      onDragLeave={[Function]}
                      onFocus={[Function]}
                      onKeyDown={[Function]}
                      onKeyUp={[Function]}
                      onMouseDown={[Function]}
                      onMouseLeave={[Function]}
                      onMouseUp={[Function]}
                      onTouchEnd={[Function]}
                      onTouchMove={[Function]}
                      onTouchStart={[Function]}
                      tabIndex={null}
                    >
                      <span
                        className="MuiIconButton-label"
                      >
                        <input
                          checked={false}
                          className="PrivateSwitchBase-input-218"
                          disabled={false}
                          name="rangedOperator"
                          onChange={[Function]}
                          type="radio"
                          value="-"
                        />
                        <div
                          className="PrivateRadioButtonIcon-root-228"
                        >
                          <svg
                            aria-hidden="true"
                            className="MuiSvgIcon-root"
                            focusable="false"
                            role="presentation"
                            viewBox="0 0 24 24"
                          >
                            <path
                              d="M12 2C6.48 2 2 6.48 2 12s4.48 10 10 10 10-4.48 10-10S17.52 2 12 2zm0 18c-4.42 0-8-3.58-8-8s3.58-8 8-8 8 3.58 8 8-3.58 8-8 8z"
                            />
                          </svg>
                          <svg
                            aria-hidden="true"
                            className="MuiSvgIcon-root PrivateRadioButtonIcon-layer-229"
                            focusable="false"
                            role="presentation"
                            viewBox="0 0 24 24"
                          >
                            <path
                              d="M8.465 8.465C9.37 7.56 10.62 7 12 7C14.76 7 17 9.24 17 12C17 13.38 16.44 14.63 15.535 15.535C14.63 16.44 13.38 17 12 17C9.24 17 7 14.76 7 12C7 10.62 7.56 9.37 8.465 8.465Z"
                            />
                          </svg>
                        </div>
                      </span>
                      <span
                        className="MuiTouchRipple-root"
                      />
                    </span>
                    <span
                      className="MuiTypography-root MuiFormControlLabel-label MuiTypography-body1"
                    >
                      -
                    </span>
                  </label>
                </div>
              </div>
              <div
                className="MuiGrid-root MuiGrid-item MuiGrid-grid-xs-true"
              >
                <div
                  className="MuiFormControl-root MuiTextField-root"
                  data-test="test-number-input"
                  onKeyPress={[Function]}
                >
                  <label
                    className="MuiFormLabel-root MuiInputLabel-root MuiInputLabel-formControl MuiInputLabel-animated"
                    data-shrink={false}
                  >
                    Ranged
                  </label>
                  <div
                    className="MuiInputBase-root MuiInput-root MuiInput-underline MuiInputBase-formControl MuiInput-formControl"
                    onClick={[Function]}
                  >
                    <input
                      aria-invalid={false}
                      autoFocus={false}
                      className="MuiInputBase-input MuiInput-input"
                      disabled={false}
                      max={100}
                      min={0}
                      name="rangedPoints"
                      onAnimationStart={[Function]}
                      onBlur={[Function]}
                      onChange={[Function]}
                      onFocus={[Function]}
                      required={false}
                      step={1}
                      type="number"
                    />
                  </div>
                </div>
              </div>
            </div>
          </fieldset>
          <fieldset
            className="MuiFormControl-root root"
          >
            <div
              className="MuiGrid-root MuiGrid-container MuiGrid-spacing-xs-4"
            >
              <div
                className="MuiGrid-root MuiGrid-item MuiGrid-grid-xs-true"
              >
                <div
                  className="MuiFormGroup-root"
                  defaultValue="="
                  role="radiogroup"
                  style={
                    Object {
                      "display": "block ruby",
                    }
                  }
                >
                  <label
                    className="MuiFormControlLabel-root"
                  >
                    <span
                      aria-disabled={false}
                      className="MuiButtonBase-root MuiIconButton-root PrivateSwitchBase-root-215 MuiRadio-root MuiRadio-colorSecondary PrivateSwitchBase-checked-216 Mui-checked MuiIconButton-colorSecondary"
                      onBlur={[Function]}
                      onDragLeave={[Function]}
                      onFocus={[Function]}
                      onKeyDown={[Function]}
                      onKeyUp={[Function]}
                      onMouseDown={[Function]}
                      onMouseLeave={[Function]}
                      onMouseUp={[Function]}
                      onTouchEnd={[Function]}
                      onTouchMove={[Function]}
                      onTouchStart={[Function]}
                      tabIndex={null}
                    >
                      <span
                        className="MuiIconButton-label"
                      >
                        <input
                          checked={true}
                          className="PrivateSwitchBase-input-218"
                          disabled={false}
                          name="diagonalOperator"
                          onChange={[Function]}
                          type="radio"
                          value="="
                        />
                        <div
                          className="PrivateRadioButtonIcon-root-228 PrivateRadioButtonIcon-checked-230"
                        >
                          <svg
                            aria-hidden="true"
                            className="MuiSvgIcon-root"
                            focusable="false"
                            role="presentation"
                            viewBox="0 0 24 24"
                          >
                            <path
                              d="M12 2C6.48 2 2 6.48 2 12s4.48 10 10 10 10-4.48 10-10S17.52 2 12 2zm0 18c-4.42 0-8-3.58-8-8s3.58-8 8-8 8 3.58 8 8-3.58 8-8 8z"
                            />
                          </svg>
                          <svg
                            aria-hidden="true"
                            className="MuiSvgIcon-root PrivateRadioButtonIcon-layer-229"
                            focusable="false"
                            role="presentation"
                            viewBox="0 0 24 24"
                          >
                            <path
                              d="M8.465 8.465C9.37 7.56 10.62 7 12 7C14.76 7 17 9.24 17 12C17 13.38 16.44 14.63 15.535 15.535C14.63 16.44 13.38 17 12 17C9.24 17 7 14.76 7 12C7 10.62 7.56 9.37 8.465 8.465Z"
                            />
                          </svg>
                        </div>
                      </span>
                      <span
                        className="MuiTouchRipple-root"
                      />
                    </span>
                    <span
                      className="MuiTypography-root MuiFormControlLabel-label MuiTypography-body1"
                    >
                      =
                    </span>
                  </label>
                  <label
                    className="MuiFormControlLabel-root"
                  >
                    <span
                      aria-disabled={false}
                      className="MuiButtonBase-root MuiIconButton-root PrivateSwitchBase-root-215 MuiRadio-root MuiRadio-colorSecondary MuiIconButton-colorSecondary"
                      onBlur={[Function]}
                      onDragLeave={[Function]}
                      onFocus={[Function]}
                      onKeyDown={[Function]}
                      onKeyUp={[Function]}
                      onMouseDown={[Function]}
                      onMouseLeave={[Function]}
                      onMouseUp={[Function]}
                      onTouchEnd={[Function]}
                      onTouchMove={[Function]}
                      onTouchStart={[Function]}
                      tabIndex={null}
                    >
                      <span
                        className="MuiIconButton-label"
                      >
                        <input
                          checked={false}
                          className="PrivateSwitchBase-input-218"
                          disabled={false}
                          name="diagonalOperator"
                          onChange={[Function]}
                          type="radio"
                          value="+"
                        />
                        <div
                          className="PrivateRadioButtonIcon-root-228"
                        >
                          <svg
                            aria-hidden="true"
                            className="MuiSvgIcon-root"
                            focusable="false"
                            role="presentation"
                            viewBox="0 0 24 24"
                          >
                            <path
                              d="M12 2C6.48 2 2 6.48 2 12s4.48 10 10 10 10-4.48 10-10S17.52 2 12 2zm0 18c-4.42 0-8-3.58-8-8s3.58-8 8-8 8 3.58 8 8-3.58 8-8 8z"
                            />
                          </svg>
                          <svg
                            aria-hidden="true"
                            className="MuiSvgIcon-root PrivateRadioButtonIcon-layer-229"
                            focusable="false"
                            role="presentation"
                            viewBox="0 0 24 24"
                          >
                            <path
                              d="M8.465 8.465C9.37 7.56 10.62 7 12 7C14.76 7 17 9.24 17 12C17 13.38 16.44 14.63 15.535 15.535C14.63 16.44 13.38 17 12 17C9.24 17 7 14.76 7 12C7 10.62 7.56 9.37 8.465 8.465Z"
                            />
                          </svg>
                        </div>
                      </span>
                      <span
                        className="MuiTouchRipple-root"
                      />
                    </span>
                    <span
                      className="MuiTypography-root MuiFormControlLabel-label MuiTypography-body1"
                    >
                      +
                    </span>
                  </label>
                  <label
                    className="MuiFormControlLabel-root"
                  >
                    <span
                      aria-disabled={false}
                      className="MuiButtonBase-root MuiIconButton-root PrivateSwitchBase-root-215 MuiRadio-root MuiRadio-colorSecondary MuiIconButton-colorSecondary"
                      onBlur={[Function]}
                      onDragLeave={[Function]}
                      onFocus={[Function]}
                      onKeyDown={[Function]}
                      onKeyUp={[Function]}
                      onMouseDown={[Function]}
                      onMouseLeave={[Function]}
                      onMouseUp={[Function]}
                      onTouchEnd={[Function]}
                      onTouchMove={[Function]}
                      onTouchStart={[Function]}
                      tabIndex={null}
                    >
                      <span
                        className="MuiIconButton-label"
                      >
                        <input
                          checked={false}
                          className="PrivateSwitchBase-input-218"
                          disabled={false}
                          name="diagonalOperator"
                          onChange={[Function]}
                          type="radio"
                          value="-"
                        />
                        <div
                          className="PrivateRadioButtonIcon-root-228"
                        >
                          <svg
                            aria-hidden="true"
                            className="MuiSvgIcon-root"
                            focusable="false"
                            role="presentation"
                            viewBox="0 0 24 24"
                          >
                            <path
                              d="M12 2C6.48 2 2 6.48 2 12s4.48 10 10 10 10-4.48 10-10S17.52 2 12 2zm0 18c-4.42 0-8-3.58-8-8s3.58-8 8-8 8 3.58 8 8-3.58 8-8 8z"
                            />
                          </svg>
                          <svg
                            aria-hidden="true"
                            className="MuiSvgIcon-root PrivateRadioButtonIcon-layer-229"
                            focusable="false"
                            role="presentation"
                            viewBox="0 0 24 24"
                          >
                            <path
                              d="M8.465 8.465C9.37 7.56 10.62 7 12 7C14.76 7 17 9.24 17 12C17 13.38 16.44 14.63 15.535 15.535C14.63 16.44 13.38 17 12 17C9.24 17 7 14.76 7 12C7 10.62 7.56 9.37 8.465 8.465Z"
                            />
                          </svg>
                        </div>
                      </span>
                      <span
                        className="MuiTouchRipple-root"
                      />
                    </span>
                    <span
                      className="MuiTypography-root MuiFormControlLabel-label MuiTypography-body1"
                    >
                      -
                    </span>
                  </label>
                </div>
              </div>
              <div
                className="MuiGrid-root MuiGrid-item MuiGrid-grid-xs-true"
              >
                <div
                  className="MuiFormControl-root MuiTextField-root"
                  data-test="test-number-input"
                  onKeyPress={[Function]}
                >
                  <label
                    className="MuiFormLabel-root MuiInputLabel-root MuiInputLabel-formControl MuiInputLabel-animated"
                    data-shrink={false}
                  >
                    Diagonal
                  </label>
                  <div
                    className="MuiInputBase-root MuiInput-root MuiInput-underline MuiInputBase-formControl MuiInput-formControl"
                    onClick={[Function]}
                  >
                    <input
                      aria-invalid={false}
                      autoFocus={false}
                      className="MuiInputBase-input MuiInput-input"
                      disabled={false}
                      max={100}
                      min={0}
                      name="diagonalPoints"
                      onAnimationStart={[Function]}
                      onBlur={[Function]}
                      onChange={[Function]}
                      onFocus={[Function]}
                      required={false}
                      step={1}
                      type="number"
                    />
                  </div>
                </div>
              </div>
            </div>
          </fieldset>
          <fieldset
            className="MuiFormControl-root root"
          >
            <div
              className="MuiGrid-root MuiGrid-container MuiGrid-spacing-xs-4"
            >
              <div
                className="MuiGrid-root MuiGrid-item MuiGrid-grid-xs-true"
              >
                <div
                  className="MuiFormGroup-root"
                  defaultValue="="
                  role="radiogroup"
                  style={
                    Object {
                      "display": "block ruby",
                    }
                  }
                >
                  <label
                    className="MuiFormControlLabel-root"
                  >
                    <span
                      aria-disabled={false}
                      className="MuiButtonBase-root MuiIconButton-root PrivateSwitchBase-root-215 MuiRadio-root MuiRadio-colorSecondary PrivateSwitchBase-checked-216 Mui-checked MuiIconButton-colorSecondary"
                      onBlur={[Function]}
                      onDragLeave={[Function]}
                      onFocus={[Function]}
                      onKeyDown={[Function]}
                      onKeyUp={[Function]}
                      onMouseDown={[Function]}
                      onMouseLeave={[Function]}
                      onMouseUp={[Function]}
                      onTouchEnd={[Function]}
                      onTouchMove={[Function]}
                      onTouchStart={[Function]}
                      tabIndex={null}
                    >
                      <span
                        className="MuiIconButton-label"
                      >
                        <input
                          checked={true}
                          className="PrivateSwitchBase-input-218"
                          disabled={false}
                          name="defenceOperator"
                          onChange={[Function]}
                          type="radio"
                          value="="
                        />
                        <div
                          className="PrivateRadioButtonIcon-root-228 PrivateRadioButtonIcon-checked-230"
                        >
                          <svg
                            aria-hidden="true"
                            className="MuiSvgIcon-root"
                            focusable="false"
                            role="presentation"
                            viewBox="0 0 24 24"
                          >
                            <path
                              d="M12 2C6.48 2 2 6.48 2 12s4.48 10 10 10 10-4.48 10-10S17.52 2 12 2zm0 18c-4.42 0-8-3.58-8-8s3.58-8 8-8 8 3.58 8 8-3.58 8-8 8z"
                            />
                          </svg>
                          <svg
                            aria-hidden="true"
                            className="MuiSvgIcon-root PrivateRadioButtonIcon-layer-229"
                            focusable="false"
                            role="presentation"
                            viewBox="0 0 24 24"
                          >
                            <path
                              d="M8.465 8.465C9.37 7.56 10.62 7 12 7C14.76 7 17 9.24 17 12C17 13.38 16.44 14.63 15.535 15.535C14.63 16.44 13.38 17 12 17C9.24 17 7 14.76 7 12C7 10.62 7.56 9.37 8.465 8.465Z"
                            />
                          </svg>
                        </div>
                      </span>
                      <span
                        className="MuiTouchRipple-root"
                      />
                    </span>
                    <span
                      className="MuiTypography-root MuiFormControlLabel-label MuiTypography-body1"
                    >
                      =
                    </span>
                  </label>
                  <label
                    className="MuiFormControlLabel-root"
                  >
                    <span
                      aria-disabled={false}
                      className="MuiButtonBase-root MuiIconButton-root PrivateSwitchBase-root-215 MuiRadio-root MuiRadio-colorSecondary MuiIconButton-colorSecondary"
                      onBlur={[Function]}
                      onDragLeave={[Function]}
                      onFocus={[Function]}
                      onKeyDown={[Function]}
                      onKeyUp={[Function]}
                      onMouseDown={[Function]}
                      onMouseLeave={[Function]}
                      onMouseUp={[Function]}
                      onTouchEnd={[Function]}
                      onTouchMove={[Function]}
                      onTouchStart={[Function]}
                      tabIndex={null}
                    >
                      <span
                        className="MuiIconButton-label"
                      >
                        <input
                          checked={false}
                          className="PrivateSwitchBase-input-218"
                          disabled={false}
                          name="defenceOperator"
                          onChange={[Function]}
                          type="radio"
                          value="+"
                        />
                        <div
                          className="PrivateRadioButtonIcon-root-228"
                        >
                          <svg
                            aria-hidden="true"
                            className="MuiSvgIcon-root"
                            focusable="false"
                            role="presentation"
                            viewBox="0 0 24 24"
                          >
                            <path
                              d="M12 2C6.48 2 2 6.48 2 12s4.48 10 10 10 10-4.48 10-10S17.52 2 12 2zm0 18c-4.42 0-8-3.58-8-8s3.58-8 8-8 8 3.58 8 8-3.58 8-8 8z"
                            />
                          </svg>
                          <svg
                            aria-hidden="true"
                            className="MuiSvgIcon-root PrivateRadioButtonIcon-layer-229"
                            focusable="false"
                            role="presentation"
                            viewBox="0 0 24 24"
                          >
                            <path
                              d="M8.465 8.465C9.37 7.56 10.62 7 12 7C14.76 7 17 9.24 17 12C17 13.38 16.44 14.63 15.535 15.535C14.63 16.44 13.38 17 12 17C9.24 17 7 14.76 7 12C7 10.62 7.56 9.37 8.465 8.465Z"
                            />
                          </svg>
                        </div>
                      </span>
                      <span
                        className="MuiTouchRipple-root"
                      />
                    </span>
                    <span
                      className="MuiTypography-root MuiFormControlLabel-label MuiTypography-body1"
                    >
                      +
                    </span>
                  </label>
                  <label
                    className="MuiFormControlLabel-root"
                  >
                    <span
                      aria-disabled={false}
                      className="MuiButtonBase-root MuiIconButton-root PrivateSwitchBase-root-215 MuiRadio-root MuiRadio-colorSecondary MuiIconButton-colorSecondary"
                      onBlur={[Function]}
                      onDragLeave={[Function]}
                      onFocus={[Function]}
                      onKeyDown={[Function]}
                      onKeyUp={[Function]}
                      onMouseDown={[Function]}
                      onMouseLeave={[Function]}
                      onMouseUp={[Function]}
                      onTouchEnd={[Function]}
                      onTouchMove={[Function]}
                      onTouchStart={[Function]}
                      tabIndex={null}
                    >
                      <span
                        className="MuiIconButton-label"
                      >
                        <input
                          checked={false}
                          className="PrivateSwitchBase-input-218"
                          disabled={false}
                          name="defenceOperator"
                          onChange={[Function]}
                          type="radio"
                          value="-"
                        />
                        <div
                          className="PrivateRadioButtonIcon-root-228"
                        >
                          <svg
                            aria-hidden="true"
                            className="MuiSvgIcon-root"
                            focusable="false"
                            role="presentation"
                            viewBox="0 0 24 24"
                          >
                            <path
                              d="M12 2C6.48 2 2 6.48 2 12s4.48 10 10 10 10-4.48 10-10S17.52 2 12 2zm0 18c-4.42 0-8-3.58-8-8s3.58-8 8-8 8 3.58 8 8-3.58 8-8 8z"
                            />
                          </svg>
                          <svg
                            aria-hidden="true"
                            className="MuiSvgIcon-root PrivateRadioButtonIcon-layer-229"
                            focusable="false"
                            role="presentation"
                            viewBox="0 0 24 24"
                          >
                            <path
                              d="M8.465 8.465C9.37 7.56 10.62 7 12 7C14.76 7 17 9.24 17 12C17 13.38 16.44 14.63 15.535 15.535C14.63 16.44 13.38 17 12 17C9.24 17 7 14.76 7 12C7 10.62 7.56 9.37 8.465 8.465Z"
                            />
                          </svg>
                        </div>
                      </span>
                      <span
                        className="MuiTouchRipple-root"
                      />
                    </span>
                    <span
                      className="MuiTypography-root MuiFormControlLabel-label MuiTypography-body1"
                    >
                      -
                    </span>
                  </label>
                </div>
              </div>
              <div
                className="MuiGrid-root MuiGrid-item MuiGrid-grid-xs-true"
              >
                <div
                  className="MuiFormControl-root MuiTextField-root"
                  data-test="test-number-input"
                  onKeyPress={[Function]}
                >
                  <label
                    className="MuiFormLabel-root MuiInputLabel-root MuiInputLabel-formControl MuiInputLabel-animated"
                    data-shrink={false}
                  >
                    Defence
                  </label>
                  <div
                    className="MuiInputBase-root MuiInput-root MuiInput-underline MuiInputBase-formControl MuiInput-formControl"
                    onClick={[Function]}
                  >
                    <input
                      aria-invalid={false}
                      autoFocus={false}
                      className="MuiInputBase-input MuiInput-input"
                      disabled={false}
                      max={100}
                      min={0}
                      name="defencePoints"
                      onAnimationStart={[Function]}
                      onBlur={[Function]}
                      onChange={[Function]}
                      onFocus={[Function]}
                      required={false}
                      step={1}
                      type="number"
                    />
                  </div>
                </div>
              </div>
            </div>
          </fieldset>
          <fieldset
            className="MuiFormControl-root root"
          >
            <div
              className="MuiGrid-root MuiGrid-container MuiGrid-spacing-xs-4"
            >
              <div
                className="MuiGrid-root MuiGrid-item MuiGrid-grid-xs-true"
              >
                <div
                  className="MuiFormGroup-root"
                  defaultValue="="
                  role="radiogroup"
                  style={
                    Object {
                      "display": "block ruby",
                    }
                  }
                >
                  <label
                    className="MuiFormControlLabel-root"
                  >
                    <span
                      aria-disabled={false}
                      className="MuiButtonBase-root MuiIconButton-root PrivateSwitchBase-root-215 MuiRadio-root MuiRadio-colorSecondary PrivateSwitchBase-checked-216 Mui-checked MuiIconButton-colorSecondary"
                      onBlur={[Function]}
                      onDragLeave={[Function]}
                      onFocus={[Function]}
                      onKeyDown={[Function]}
                      onKeyUp={[Function]}
                      onMouseDown={[Function]}
                      onMouseLeave={[Function]}
                      onMouseUp={[Function]}
                      onTouchEnd={[Function]}
                      onTouchMove={[Function]}
                      onTouchStart={[Function]}
                      tabIndex={null}
                    >
                      <span
                        className="MuiIconButton-label"
                      >
                        <input
                          checked={true}
                          className="PrivateSwitchBase-input-218"
                          disabled={false}
                          name="movementOperator"
                          onChange={[Function]}
                          type="radio"
                          value="="
                        />
                        <div
                          className="PrivateRadioButtonIcon-root-228 PrivateRadioButtonIcon-checked-230"
                        >
                          <svg
                            aria-hidden="true"
                            className="MuiSvgIcon-root"
                            focusable="false"
                            role="presentation"
                            viewBox="0 0 24 24"
                          >
                            <path
                              d="M12 2C6.48 2 2 6.48 2 12s4.48 10 10 10 10-4.48 10-10S17.52 2 12 2zm0 18c-4.42 0-8-3.58-8-8s3.58-8 8-8 8 3.58 8 8-3.58 8-8 8z"
                            />
                          </svg>
                          <svg
                            aria-hidden="true"
                            className="MuiSvgIcon-root PrivateRadioButtonIcon-layer-229"
                            focusable="false"
                            role="presentation"
                            viewBox="0 0 24 24"
                          >
                            <path
                              d="M8.465 8.465C9.37 7.56 10.62 7 12 7C14.76 7 17 9.24 17 12C17 13.38 16.44 14.63 15.535 15.535C14.63 16.44 13.38 17 12 17C9.24 17 7 14.76 7 12C7 10.62 7.56 9.37 8.465 8.465Z"
                            />
                          </svg>
                        </div>
                      </span>
                      <span
                        className="MuiTouchRipple-root"
                      />
                    </span>
                    <span
                      className="MuiTypography-root MuiFormControlLabel-label MuiTypography-body1"
                    >
                      =
                    </span>
                  </label>
                  <label
                    className="MuiFormControlLabel-root"
                  >
                    <span
                      aria-disabled={false}
                      className="MuiButtonBase-root MuiIconButton-root PrivateSwitchBase-root-215 MuiRadio-root MuiRadio-colorSecondary MuiIconButton-colorSecondary"
                      onBlur={[Function]}
                      onDragLeave={[Function]}
                      onFocus={[Function]}
                      onKeyDown={[Function]}
                      onKeyUp={[Function]}
                      onMouseDown={[Function]}
                      onMouseLeave={[Function]}
                      onMouseUp={[Function]}
                      onTouchEnd={[Function]}
                      onTouchMove={[Function]}
                      onTouchStart={[Function]}
                      tabIndex={null}
                    >
                      <span
                        className="MuiIconButton-label"
                      >
                        <input
                          checked={false}
                          className="PrivateSwitchBase-input-218"
                          disabled={false}
                          name="movementOperator"
                          onChange={[Function]}
                          type="radio"
                          value="+"
                        />
                        <div
                          className="PrivateRadioButtonIcon-root-228"
                        >
                          <svg
                            aria-hidden="true"
                            className="MuiSvgIcon-root"
                            focusable="false"
                            role="presentation"
                            viewBox="0 0 24 24"
                          >
                            <path
                              d="M12 2C6.48 2 2 6.48 2 12s4.48 10 10 10 10-4.48 10-10S17.52 2 12 2zm0 18c-4.42 0-8-3.58-8-8s3.58-8 8-8 8 3.58 8 8-3.58 8-8 8z"
                            />
                          </svg>
                          <svg
                            aria-hidden="true"
                            className="MuiSvgIcon-root PrivateRadioButtonIcon-layer-229"
                            focusable="false"
                            role="presentation"
                            viewBox="0 0 24 24"
                          >
                            <path
                              d="M8.465 8.465C9.37 7.56 10.62 7 12 7C14.76 7 17 9.24 17 12C17 13.38 16.44 14.63 15.535 15.535C14.63 16.44 13.38 17 12 17C9.24 17 7 14.76 7 12C7 10.62 7.56 9.37 8.465 8.465Z"
                            />
                          </svg>
                        </div>
                      </span>
                      <span
                        className="MuiTouchRipple-root"
                      />
                    </span>
                    <span
                      className="MuiTypography-root MuiFormControlLabel-label MuiTypography-body1"
                    >
                      +
                    </span>
                  </label>
                  <label
                    className="MuiFormControlLabel-root"
                  >
                    <span
                      aria-disabled={false}
                      className="MuiButtonBase-root MuiIconButton-root PrivateSwitchBase-root-215 MuiRadio-root MuiRadio-colorSecondary MuiIconButton-colorSecondary"
                      onBlur={[Function]}
                      onDragLeave={[Function]}
                      onFocus={[Function]}
                      onKeyDown={[Function]}
                      onKeyUp={[Function]}
                      onMouseDown={[Function]}
                      onMouseLeave={[Function]}
                      onMouseUp={[Function]}
                      onTouchEnd={[Function]}
                      onTouchMove={[Function]}
                      onTouchStart={[Function]}
                      tabIndex={null}
                    >
                      <span
                        className="MuiIconButton-label"
                      >
                        <input
                          checked={false}
                          className="PrivateSwitchBase-input-218"
                          disabled={false}
                          name="movementOperator"
                          onChange={[Function]}
                          type="radio"
                          value="-"
                        />
                        <div
                          className="PrivateRadioButtonIcon-root-228"
                        >
                          <svg
                            aria-hidden="true"
                            className="MuiSvgIcon-root"
                            focusable="false"
                            role="presentation"
                            viewBox="0 0 24 24"
                          >
                            <path
                              d="M12 2C6.48 2 2 6.48 2 12s4.48 10 10 10 10-4.48 10-10S17.52 2 12 2zm0 18c-4.42 0-8-3.58-8-8s3.58-8 8-8 8 3.58 8 8-3.58 8-8 8z"
                            />
                          </svg>
                          <svg
                            aria-hidden="true"
                            className="MuiSvgIcon-root PrivateRadioButtonIcon-layer-229"
                            focusable="false"
                            role="presentation"
                            viewBox="0 0 24 24"
                          >
                            <path
                              d="M8.465 8.465C9.37 7.56 10.62 7 12 7C14.76 7 17 9.24 17 12C17 13.38 16.44 14.63 15.535 15.535C14.63 16.44 13.38 17 12 17C9.24 17 7 14.76 7 12C7 10.62 7.56 9.37 8.465 8.465Z"
                            />
                          </svg>
                        </div>
                      </span>
                      <span
                        className="MuiTouchRipple-root"
                      />
                    </span>
                    <span
                      className="MuiTypography-root MuiFormControlLabel-label MuiTypography-body1"
                    >
                      -
                    </span>
                  </label>
                </div>
              </div>
              <div
                className="MuiGrid-root MuiGrid-item MuiGrid-grid-xs-true"
              >
                <div
                  className="MuiFormControl-root MuiTextField-root"
                  data-test="test-number-input"
                  onKeyPress={[Function]}
                >
                  <label
                    className="MuiFormLabel-root MuiInputLabel-root MuiInputLabel-formControl MuiInputLabel-animated"
                    data-shrink={false}
                  >
                    Movement
                  </label>
                  <div
                    className="MuiInputBase-root MuiInput-root MuiInput-underline MuiInputBase-formControl MuiInput-formControl"
                    onClick={[Function]}
                  >
                    <input
                      aria-invalid={false}
                      autoFocus={false}
                      className="MuiInputBase-input MuiInput-input"
                      disabled={false}
                      max={100}
                      min={0}
                      name="movementPoints"
                      onAnimationStart={[Function]}
                      onBlur={[Function]}
                      onChange={[Function]}
                      onFocus={[Function]}
                      required={false}
                      step={1}
                      type="number"
                    />
                  </div>
                </div>
              </div>
            </div>
          </fieldset>
          <button
            className="MuiButtonBase-root MuiButton-root MuiButton-text"
            disabled={false}
            onBlur={[Function]}
            onDragLeave={[Function]}
            onFocus={[Function]}
            onKeyDown={[Function]}
            onKeyUp={[Function]}
            onMouseDown={[Function]}
            onMouseLeave={[Function]}
            onMouseUp={[Function]}
            onTouchEnd={[Function]}
            onTouchMove={[Function]}
            onTouchStart={[Function]}
            style={
              Object {
                "backgroundColor": "blue",
                "margin": "10px",
              }
            }
            tabIndex={0}
            type="submit"
          >
            <span
              className="MuiButton-label"
            >
              Save changes
            </span>
            <span
              className="MuiTouchRipple-root"
            />
          </button>
          <button
            className="MuiButtonBase-root MuiButton-root MuiButton-text"
            data-test="delete-button"
            disabled={false}
            onBlur={[Function]}
            onClick={[Function]}
            onDragLeave={[Function]}
            onFocus={[Function]}
            onKeyDown={[Function]}
            onKeyUp={[Function]}
            onMouseDown={[Function]}
            onMouseLeave={[Function]}
            onMouseUp={[Function]}
            onTouchEnd={[Function]}
            onTouchMove={[Function]}
            onTouchStart={[Function]}
            style={
              Object {
                "backgroundColor": "red",
                "margin": "10px",
              }
            }
            tabIndex={0}
            type="button"
          >
            <span
              className="MuiButton-label"
            >
              Delete item
            </span>
            <span
              className="MuiTouchRipple-root"
            />
          </button>
        </form>
      </div>
    </div>
  </div>,
  "",
]
`;

exports[`ArmoryPage component Items not loaded renders correctly when the items have not been loaded yet 1`] = `"Loading..."`;
